src/app/api/chat/route.ts(32,5): error TS2353: Object literal may only specify known properties, and 'compatibility' does not exist in type 'OpenAIProviderSettings'.
src/components/chat/SettingsGate.tsx(21,17): error TS2322: Type '{ children: Element; asChild: true; className: string; size: "lg"; }' is not assignable to type 'IntrinsicAttributes & ButtonProps & VariantProps<(props?: (ConfigVariants<{ variant: { default: string; outline: string; secondary: string; ghost: string; destructive: string; link: string; }; size: { ...; }; }> & ClassProp) | undefined) => string>'.
  Property 'asChild' does not exist on type 'IntrinsicAttributes & ButtonProps & VariantProps<(props?: (ConfigVariants<{ variant: { default: string; outline: string; secondary: string; ghost: string; destructive: string; link: string; }; size: { ...; }; }> & ClassProp) | undefined) => string>'.
